###############################################################################
#
# IAR ELF Linker V8.22.2.15995/W32 for ARM                08/Feb/2020  20:44:03
# Copyright 2007-2018 IAR Systems AB.
#
#    Output file  =  
#        C:\Users\jds11\Documents\ARM_IAR_Project\[m3] ESC_Calibration &
#        test\project\Debug\Exe\STM32F103_Quadcopter.out
#    Map file     =  
#        C:\Users\jds11\Documents\ARM_IAR_Project\[m3] ESC_Calibration &
#        test\project\Debug\List\STM32F103_Quadcopter.map
#    Command line =  
#        -f C:\Users\jds11\AppData\Local\Temp\EW668C.tmp
#        ("C:\Users\jds11\Documents\ARM_IAR_Project\[m3] ESC_Calibration &
#        test\project\Debug\Obj\debug.o"
#        "C:\Users\jds11\Documents\ARM_IAR_Project\[m3] ESC_Calibration &
#        test\project\Debug\Obj\hw_config.o"
#        "C:\Users\jds11\Documents\ARM_IAR_Project\[m3] ESC_Calibration &
#        test\project\Debug\Obj\main.o"
#        "C:\Users\jds11\Documents\ARM_IAR_Project\[m3] ESC_Calibration &
#        test\project\Debug\Obj\misc.o"
#        "C:\Users\jds11\Documents\ARM_IAR_Project\[m3] ESC_Calibration &
#        test\project\Debug\Obj\startup_stm32f10x_md.o"
#        "C:\Users\jds11\Documents\ARM_IAR_Project\[m3] ESC_Calibration &
#        test\project\Debug\Obj\stm32f10x_gpio.o"
#        "C:\Users\jds11\Documents\ARM_IAR_Project\[m3] ESC_Calibration &
#        test\project\Debug\Obj\stm32f10x_it.o"
#        "C:\Users\jds11\Documents\ARM_IAR_Project\[m3] ESC_Calibration &
#        test\project\Debug\Obj\stm32f10x_rcc.o"
#        "C:\Users\jds11\Documents\ARM_IAR_Project\[m3] ESC_Calibration &
#        test\project\Debug\Obj\stm32f10x_tim.o"
#        "C:\Users\jds11\Documents\ARM_IAR_Project\[m3] ESC_Calibration &
#        test\project\Debug\Obj\stm32f10x_usart.o"
#        "C:\Users\jds11\Documents\ARM_IAR_Project\[m3] ESC_Calibration &
#        test\project\Debug\Obj\system_stm32f10x.o" --redirect
#        _Printf=_PrintfFullNoMb -o
#        "C:\Users\jds11\Documents\ARM_IAR_Project\[m3] ESC_Calibration &
#        test\project\Debug\Exe\STM32F103_Quadcopter.out" --map
#        "C:\Users\jds11\Documents\ARM_IAR_Project\[m3] ESC_Calibration &
#        test\project\Debug\List\STM32F103_Quadcopter.map" --config
#        "C:\Users\jds11\Documents\ARM_IAR_Project\[m3] ESC_Calibration &
#        test\project\stm32f10x_flash.icf" --semihosting --entry
#        __iar_program_start --vfe --text_out locale)
#
###############################################################################

*******************************************************************************
*** RUNTIME MODEL ATTRIBUTES
***

CppFlavor       = *
__SystemLibrary = DLib
__dlib_version  = 6


*******************************************************************************
*** HEAP SELECTION
***

The basic heap was selected because some modules are built with
size limitations (and not runtime checking), and --advanced_heap
was not specified.


*******************************************************************************
*** PLACEMENT SUMMARY
***

"A0":  place at 0x08000000 { ro section .intvec };
"P1":  place in [from 0x08000000 to 0x0807ffff] { ro };
define block CSTACK with size = 1K, alignment = 8 { };
define block HEAP with size = 512, alignment = 8 { };
"P2":  place in [from 0x20000000 to 0x2000ffff] {
          rw, block CSTACK, block HEAP };
initialize by copy { rw };

  Section            Kind        Address    Size  Object
  -------            ----        -------    ----  ------
"A0":                                       0xec
  .intvec            ro code  0x08000000    0xec  startup_stm32f10x_md.o [1]
                            - 0x080000ec    0xec

"P1":                                     0x3533
  .text              ro code  0x080000ec   0xe22  xprintffull_nomb.o [3]
  .text              ro code  0x08000f10    0x16  strchr.o [5]
  .text              ro code  0x08000f28    0x40  xfail_s.o [3]
  .text              ro code  0x08000f68    0x36  strlen.o [5]
  .text              ro code  0x08000fa0    0x58  memchr.o [5]
  .text              ro code  0x08000ff8   0x22e  I64DivMod.o [5]
  .text              ro code  0x08001228   0x1a2  DblMul.o [4]
  .text              ro code  0x080013cc    0xa6  ABImemcpy.o [5]
  .text              ro code  0x08001474    0x70  frexp.o [4]
  .text              ro code  0x080014e4    0x2e  DblCmpLe.o [4]
  .text              ro code  0x08001514    0x2e  DblCmpGe.o [4]
  .text              ro code  0x08001544   0x13a  ldexp.o [4]
  .text              ro code  0x08001680    0x3a  DblToS32.o [4]
  .text              ro code  0x080016bc    0x22  S32ToDbl.o [4]
  .text              ro code  0x080016e0    0xe2  DblSub.o [4]
  .text              ro code  0x080017c4   0x246  DblDiv.o [4]
  .text              ro code  0x08001a0c    0x28  DblToU32.o [4]
  .text              ro code  0x08001a34    0x1a  U32ToDbl.o [4]
  .text              ro code  0x08001a50     0x8  xlocale_c.o [3]
  .text              ro code  0x08001a58     0x6  abort.o [3]
  .text              ro code  0x08001a60     0x2  I64DivZer.o [5]
  .text              ro code  0x08001a64   0x168  DblAdd.o [4]
  .text              ro code  0x08001bcc    0x14  exit.o [6]
  .text              ro code  0x08001be0   0x72c  stm32f10x_tim.o [1]
  .text              ro code  0x0800230c    0x14  debug.o [1]
  .text              ro code  0x08002320    0x28  printf.o [3]
  .text              ro code  0x08002348   0x4f4  stm32f10x_usart.o [1]
  .text              ro code  0x0800283c   0x1c8  stm32f10x_rcc.o [1]
  .text              ro code  0x08002a04   0x262  hw_config.o [1]
  .text              ro code  0x08002c68   0x190  stm32f10x_gpio.o [1]
  .text              ro code  0x08002df8   0x158  system_stm32f10x.o [1]
  .text              ro code  0x08002f50   0x204  main.o [1]
  .text              ro code  0x08003154    0x6e  stm32f10x_it.o [1]
  .rodata            const    0x080031c4    0x64  stm32f10x_gpio.o [1]
  .rodata            const    0x08003228    0x64  stm32f10x_rcc.o [1]
  .rodata            const    0x0800328c    0x64  stm32f10x_tim.o [1]
  .rodata            const    0x080032f0    0x64  stm32f10x_usart.o [1]
  .text              ro code  0x08003354    0x40  zero_init3.o [5]
  .text              ro code  0x08003394    0x38  packbits_init_single.o [5]
  .rodata            const    0x080033cc    0x34  main.o [1]
  .rodata            const    0x08003400    0x30  debug.o [1]
  .text              ro code  0x08003430    0x28  data_init.o [5]
  .iar.init_table    const    0x08003458    0x20  - Linker created -
  .text              ro code  0x08003478    0x1e  cmain.o [5]
  .text              ro code  0x08003496     0x4  low_level_init.o [3]
  .text              ro code  0x0800349a     0x4  exit.o [3]
  .text              ro code  0x080034a0     0xa  cexit.o [5]
  .rodata            const    0x080034ac    0x1c  main.o [1]
  .rodata            const    0x080034c8    0x1c  main.o [1]
  .rodata            const    0x080034e4    0x1c  main.o [1]
  .rodata            const    0x08003500    0x18  main.o [1]
  .rodata            const    0x08003518    0x18  main.o [1]
  .text              ro code  0x08003530    0x16  xprout.o [3]
  .text              ro code  0x08003548     0xc  putchar.o [3]
  .rodata            const    0x08003554    0x14  main.o [1]
  .rodata            const    0x08003568    0x10  main.o [1]
  .text              ro code  0x08003578    0x10  startup_stm32f10x_md.o [1]
  .rodata            const    0x08003588     0xc  main.o [1]
  .text              ro code  0x08003594     0xc  cstartup_M.o [5]
  .rodata            const    0x080035a0     0x8  main.o [1]
  .rodata            const    0x080035a8     0x8  main.o [1]
  .rodata            const    0x080035b0     0x4  xlocale_c.o [3]
  .rodata            const    0x080035b4     0x0  zero_init3.o [5]
  .rodata            const    0x080035b4     0x0  packbits_init_single.o [5]
  Initializer bytes  const    0x080035b4    0x6b  <for P2-1>
                            - 0x0800361f  0x3533

"P2", part 1 of 3:                          0x94
  P2-1                        0x20000000    0x94  <Init block>
    .data            inited   0x20000000    0x10  stm32f10x_rcc.o [1]
    .data            inited   0x20000010     0x4  stm32f10x_rcc.o [1]
    .data            inited   0x20000014    0x38  xlocale_c.o [3]
    .data            inited   0x2000004c    0x48  xfiles.o [3]
                            - 0x20000094    0x94

"P2", part 2 of 3:                          0x6c
  .bss               zero     0x20000094    0x50  xfiles.o [3]
  .bss               zero     0x200000e4    0x14  main.o [1]
  .bss               zero     0x200000f8     0x4  hw_config.o [1]
  .bss               zero     0x200000fc     0x4  xfail_s.o [3]
                            - 0x20000100    0x6c

"P2", part 3 of 3:                         0x400
  CSTACK                      0x20000100   0x400  <Block>
    CSTACK           uninit   0x20000100   0x400  <Block tail>
                            - 0x20000500   0x400


*******************************************************************************
*** INIT TABLE
***

          Address     Size
          -------     ----
Zero (__iar_zero_init3)
    1 destination range, total size 0x6c:
          0x20000094  0x6c

Copy/packbits (__iar_packbits_init_single3)
    1 source range, total size 0x6b (72% of destination):
          0x080035b4  0x6b
    1 destination range, total size 0x94:
          0x20000000  0x94



*******************************************************************************
*** MODULE SUMMARY
***

    Module                  ro code  ro data  rw data
    ------                  -------  -------  -------
C:\Users\jds11\Documents\ARM_IAR_Project\[m3] ESC_Calibration & test\project\Debug\Obj: [1]
    debug.o                      20       48
    hw_config.o                 610                 4
    main.o                      516      248       20
    startup_stm32f10x_md.o      252
    stm32f10x_gpio.o            400      100
    stm32f10x_it.o              110
    stm32f10x_rcc.o             456      114       20
    stm32f10x_tim.o           1 836      100
    stm32f10x_usart.o         1 268      100
    system_stm32f10x.o          344
    -------------------------------------------------
    Total:                    5 812      710       44

command line: [2]
    -------------------------------------------------
    Total:

dl7M_tlf.a: [3]
    abort.o                       6
    exit.o                        4
    low_level_init.o              4
    printf.o                     40
    putchar.o                    12
    xfail_s.o                    64                 4
    xfiles.o                              53      152
    xlocale_c.o                   8       44       56
    xprintffull_nomb.o        3 618
    xprout.o                     22
    -------------------------------------------------
    Total:                    3 778       97      212

m7M_tl.a: [4]
    DblAdd.o                    360
    DblCmpGe.o                   46
    DblCmpLe.o                   46
    DblDiv.o                    582
    DblMul.o                    418
    DblSub.o                    226
    DblToS32.o                   58
    DblToU32.o                   40
    S32ToDbl.o                   34
    U32ToDbl.o                   26
    frexp.o                     112
    ldexp.o                     314
    -------------------------------------------------
    Total:                    2 262

rt7M_tl.a: [5]
    ABImemcpy.o                 166
    I64DivMod.o                 558
    I64DivZer.o                   2
    cexit.o                      10
    cmain.o                      30
    cstartup_M.o                 12
    data_init.o                  40
    memchr.o                     88
    packbits_init_single.o       56
    strchr.o                     22
    strlen.o                     54
    zero_init3.o                 64
    -------------------------------------------------
    Total:                    1 102

shb_l.a: [6]
    exit.o                       20
    -------------------------------------------------
    Total:                       20

    Gaps                         38        4
    Linker created                        32    1 024
-----------------------------------------------------
    Grand Total:             13 012      843    1 280


*******************************************************************************
*** ENTRY LIST
***

Entry                      Address   Size  Type      Object
-----                      -------   ----  ----      ------
.iar.init_table$$Base   0x08003458          --   Gb  - Linker created -
.iar.init_table$$Limit  0x08003478          --   Gb  - Linker created -
?main                   0x08003479         Code  Gb  cmain.o [5]
ADC1_2_IRQHandler       0x08003191    0x2  Code  Gb  stm32f10x_it.o [1]
ADCPrescTable           0x20000010    0x4  Data  Lc  stm32f10x_rcc.o [1]
APBAHBPrescTable        0x20000000   0x10  Data  Lc  stm32f10x_rcc.o [1]
BusFault_Handler        0x0800315b    0x2  Code  Gb  stm32f10x_it.o [1]
CAN1_RX1_IRQHandler     0x08003197    0x2  Code  Gb  stm32f10x_it.o [1]
CAN1_SCE_IRQHandler     0x08003199    0x2  Code  Gb  stm32f10x_it.o [1]
CSTACK$$Base            0x20000100          --   Gb  - Linker created -
CSTACK$$Limit           0x20000500          --   Gb  - Linker created -
DMA1_Channel1_IRQHandler
                        0x08003183    0x2  Code  Gb  stm32f10x_it.o [1]
DMA1_Channel2_IRQHandler
                        0x08003185    0x2  Code  Gb  stm32f10x_it.o [1]
DMA1_Channel3_IRQHandler
                        0x08003187    0x2  Code  Gb  stm32f10x_it.o [1]
DMA1_Channel4_IRQHandler
                        0x08003189    0x2  Code  Gb  stm32f10x_it.o [1]
DMA1_Channel5_IRQHandler
                        0x0800318b    0x2  Code  Gb  stm32f10x_it.o [1]
DMA1_Channel6_IRQHandler
                        0x0800318d    0x2  Code  Gb  stm32f10x_it.o [1]
DMA1_Channel7_IRQHandler
                        0x0800318f    0x2  Code  Gb  stm32f10x_it.o [1]
DebugMon_Handler        0x08003161    0x2  Code  Gb  stm32f10x_it.o [1]
EXTI0_IRQHandler        0x08003179    0x2  Code  Gb  stm32f10x_it.o [1]
EXTI15_10_IRQHandler    0x080031bd    0x2  Code  Gb  stm32f10x_it.o [1]
EXTI1_IRQHandler        0x0800317b    0x2  Code  Gb  stm32f10x_it.o [1]
EXTI2_IRQHandler        0x0800317d    0x2  Code  Gb  stm32f10x_it.o [1]
EXTI3_IRQHandler        0x0800317f    0x2  Code  Gb  stm32f10x_it.o [1]
EXTI4_IRQHandler        0x08003181    0x2  Code  Gb  stm32f10x_it.o [1]
EXTI9_5_IRQHandler      0x0800319b    0x2  Code  Gb  stm32f10x_it.o [1]
FLASH_IRQHandler        0x08003175    0x2  Code  Gb  stm32f10x_it.o [1]
GPIO_Configuration      0x08002b93   0x36  Code  Gb  hw_config.o [1]
GPIO_Init               0x08002c69  0x16e  Code  Gb  stm32f10x_gpio.o [1]
HardFault_Handler       0x08003157    0x2  Code  Gb  stm32f10x_it.o [1]
I2C1_ER_IRQHandler      0x080031ad    0x2  Code  Gb  stm32f10x_it.o [1]
I2C1_EV_IRQHandler      0x080031ab    0x2  Code  Gb  stm32f10x_it.o [1]
I2C2_ER_IRQHandler      0x080031b1    0x2  Code  Gb  stm32f10x_it.o [1]
I2C2_EV_IRQHandler      0x080031af    0x2  Code  Gb  stm32f10x_it.o [1]
LoadInt                 0x0800029f   0x7a  Code  Lc  xprintffull_nomb.o [3]
MemManage_Handler       0x08003159    0x2  Code  Gb  stm32f10x_it.o [1]
Motor_Init              0x08002a77  0x102  Code  Gb  hw_config.o [1]
NMI_Handler             0x08003155    0x2  Code  Gb  stm32f10x_it.o [1]
PVD_IRQHandler          0x0800316f    0x2  Code  Gb  stm32f10x_it.o [1]
PendSV_Handler          0x08003163    0x2  Code  Gb  stm32f10x_it.o [1]
RCC_APB1PeriphClockCmd  0x0800297d   0x56  Code  Gb  stm32f10x_rcc.o [1]
RCC_APB2PeriphClockCmd  0x0800291b   0x62  Code  Gb  stm32f10x_rcc.o [1]
RCC_Configuration       0x08002b79   0x1a  Code  Gb  hw_config.o [1]
RCC_GetClocksFreq       0x0800283d   0xde  Code  Gb  stm32f10x_rcc.o [1]
RCC_IRQHandler          0x08003177    0x2  Code  Gb  stm32f10x_it.o [1]
RTCAlarm_IRQHandler     0x080031bf    0x2  Code  Gb  stm32f10x_it.o [1]
RTC_IRQHandler          0x08003173    0x2  Code  Gb  stm32f10x_it.o [1]
Region$$Table$$Base     0x08003458          --   Gb  - Linker created -
Region$$Table$$Limit    0x08003478          --   Gb  - Linker created -
SPI1_IRQHandler         0x080031b3    0x2  Code  Gb  stm32f10x_it.o [1]
SPI2_IRQHandler         0x080031b5    0x2  Code  Gb  stm32f10x_it.o [1]
SVC_Handler             0x0800315f    0x2  Code  Gb  stm32f10x_it.o [1]
SetSysClock             0x08002e4d    0x8  Code  Lc  system_stm32f10x.o [1]
SetSysClockTo72         0x08002e55   0xe0  Code  Lc  system_stm32f10x.o [1]
SysTick_Config          0x08002f75   0x2e  Code  Lc  main.o [1]
SysTick_Handler         0x08003165    0x8  Code  Gb  stm32f10x_it.o [1]
SystemInit              0x08002df9   0x54  Code  Gb  system_stm32f10x.o [1]
TAMPER_IRQHandler       0x08003171    0x2  Code  Gb  stm32f10x_it.o [1]
TIM1_BRK_IRQHandler     0x0800319d    0x2  Code  Gb  stm32f10x_it.o [1]
TIM1_CC_IRQHandler      0x080031a3    0x2  Code  Gb  stm32f10x_it.o [1]
TIM1_TRG_COM_IRQHandler
                        0x080031a1    0x2  Code  Gb  stm32f10x_it.o [1]
TIM1_UP_IRQHandler      0x0800319f    0x2  Code  Gb  stm32f10x_it.o [1]
TIM2_IRQHandler         0x080031a5    0x2  Code  Gb  stm32f10x_it.o [1]
TIM3_IRQHandler         0x080031a7    0x2  Code  Gb  stm32f10x_it.o [1]
TIM4_IRQHandler         0x080031a9    0x2  Code  Gb  stm32f10x_it.o [1]
TIM_Cmd                 0x08002025   0xd0  Code  Gb  stm32f10x_tim.o [1]
TIM_ITConfig            0x080020f5   0xe6  Code  Gb  stm32f10x_tim.o [1]
TIM_OC3Init             0x08001d51  0x178  Code  Gb  stm32f10x_tim.o [1]
TIM_OC3PreloadConfig    0x08002221   0x66  Code  Gb  stm32f10x_tim.o [1]
TIM_OC4Init             0x08001ecd  0x116  Code  Gb  stm32f10x_tim.o [1]
TIM_OC4PreloadConfig    0x0800228d   0x66  Code  Gb  stm32f10x_tim.o [1]
TIM_TimeBaseInit        0x08001be1  0x170  Code  Gb  stm32f10x_tim.o [1]
TimingDelay             0x200000f8    0x4  Data  Lc  hw_config.o [1]
TimingDelay_Decrement   0x08002a1d   0x14  Code  Gb  hw_config.o [1]
USART1_IRQHandler       0x080031b7    0x2  Code  Gb  stm32f10x_it.o [1]
USART1_Init             0x08002a31   0x46  Code  Gb  hw_config.o [1]
USART2_IRQHandler       0x080031b9    0x2  Code  Gb  stm32f10x_it.o [1]
USART3_IRQHandler       0x080031bb    0x2  Code  Gb  stm32f10x_it.o [1]
USART_Cmd               0x08002517   0x72  Code  Gb  stm32f10x_usart.o [1]
USART_GetCharacter      0x08002c25   0x42  Code  Gb  hw_config.o [1]
USART_GetFlagStatus     0x08002755   0xd0  Code  Gb  stm32f10x_usart.o [1]
USART_ITConfig          0x08002589  0x132  Code  Gb  stm32f10x_usart.o [1]
USART_Init              0x08002349  0x1ce  Code  Gb  stm32f10x_usart.o [1]
USART_ReceiveData       0x08002705   0x34  Code  Gb  stm32f10x_usart.o [1]
USART_SendData          0x080026bb   0x4a  Code  Gb  stm32f10x_usart.o [1]
USBWakeUp_IRQHandler    0x080031c1    0x2  Code  Gb  stm32f10x_it.o [1]
USB_HP_CAN1_TX_IRQHandler
                        0x08003193    0x2  Code  Gb  stm32f10x_it.o [1]
USB_LP_CAN1_RX0_IRQHandler
                        0x08003195    0x2  Code  Gb  stm32f10x_it.o [1]
UsageFault_Handler      0x0800315d    0x2  Code  Gb  stm32f10x_it.o [1]
WWDG_IRQHandler         0x0800316d    0x2  Code  Gb  stm32f10x_it.o [1]
_GenldFullNoMb          0x08000c0d  0x274  Code  Lc  xprintffull_nomb.o [3]
_LdtobFullNoMb          0x080007e1  0x3fe  Code  Lc  xprintffull_nomb.o [3]
_LitobFullNoMb          0x08000689  0x112  Code  Lc  xprintffull_nomb.o [3]
_Locale_lconv           0x20000014   0x38  Data  Lc  xlocale_c.o [3]
_PrintfFullNoMb         0x080000ed  0x1a4  Code  Gb  xprintffull_nomb.o [3]
_Prout                  0x08003531   0x16  Code  Gb  xprout.o [3]
_PutcharsFullNoMb       0x08000e81   0x2e  Code  Lc  xprintffull_nomb.o [3]
_PutfldFullNoMb         0x08000319  0x264  Code  Lc  xprintffull_nomb.o [3]
_PuttxtFullNoMb         0x0800057d  0x10c  Code  Lc  xprintffull_nomb.o [3]
__NVIC_SetPriority      0x08002f51   0x24  Code  Lc  main.o [1]
__aeabi_cdcmple         0x080014e5         Code  Gb  DblCmpLe.o [4]
__aeabi_cdrcmple        0x08001515         Code  Gb  DblCmpGe.o [4]
__aeabi_d2iz            0x08001681         Code  Gb  DblToS32.o [4]
__aeabi_d2uiz           0x08001a0d         Code  Gb  DblToU32.o [4]
__aeabi_ddiv            0x080017c5         Code  Gb  DblDiv.o [4]
__aeabi_dmul            0x08001229         Code  Gb  DblMul.o [4]
__aeabi_dsub            0x080016e1         Code  Gb  DblSub.o [4]
__aeabi_i2d             0x080016bd         Code  Gb  S32ToDbl.o [4]
__aeabi_ldiv0           0x08001a61         Code  Gb  I64DivZer.o [5]
__aeabi_memcpy          0x080013cd         Code  Gb  ABImemcpy.o [5]
__aeabi_memcpy4         0x080013ed         Code  Gb  ABImemcpy.o [5]
__aeabi_memcpy8         0x080013ed         Code  Gb  ABImemcpy.o [5]
__aeabi_ui2d            0x08001a35         Code  Gb  U32ToDbl.o [4]
__aeabi_uldivmod        0x08000ff9         Code  Gb  I64DivMod.o [5]
__cmain                 0x08003479         Code  Gb  cmain.o [5]
__exit                  0x08001bcd   0x14  Code  Gb  exit.o [6]
__iar_Fail_s            0x08000f29   0x1c  Code  Gb  xfail_s.o [3]
__iar_Memchr            0x08000fa1         Code  Gb  memchr.o [5]
__iar_Stdout            0x2000004c   0x48  Data  Gb  xfiles.o [3]
__iar_Strchr            0x08000f11         Code  Gb  strchr.o [5]
__iar_dadd              0x080016f1         Code  Gb  DblSub.o [4]
__iar_data_init3        0x08003431   0x28  Code  Gb  data_init.o [5]
__iar_dsub              0x08001a65         Code  Gb  DblAdd.o [4]
__iar_dsubStart         0x08001a77         Code  Gb  DblAdd.o [4]
__iar_frexp             0x08001481         Code  Gb  frexp.o [4]
__iar_frexp64           0x08001475         Code  Gb  frexp.o [4]
__iar_frexpl            0x08001481         Code  Gb  frexp.o [4]
__iar_ldexp64           0x08001545         Code  Gb  ldexp.o [4]
__iar_packbits_init_single3
                        0x08003395   0x38  Code  Gb  packbits_init_single.o [5]
__iar_program_start     0x08003595         Code  Gb  cstartup_M.o [5]
__iar_scalbln64         0x08001545         Code  Gb  ldexp.o [4]
__iar_scalbn64          0x08001545         Code  Gb  ldexp.o [4]
__iar_systems$$module {Abs}
                        0x00000001         Data  Gb  command line/config [2]
__iar_zero_init3        0x08003355   0x40  Code  Gb  zero_init3.o [5]
__low_level_init        0x08003497    0x4  Code  Gb  low_level_init.o [3]
__vector_table          0x08000000         Data  Gb  startup_stm32f10x_md.o [1]
_call_main              0x08003485         Code  Gb  cmain.o [5]
_exit                   0x080034a1         Code  Gb  cexit.o [5]
_main                   0x08003493         Code  Gb  cmain.o [5]
abort                   0x08001a59    0x6  Code  Gb  abort.o [3]
assert_failed           0x0800230d    0xe  Code  Gb  debug.o [1]
delay_ms                0x08002a05   0x18  Code  Gb  hw_config.o [1]
displayInstructions     0x08002fa3   0x1c  Code  Gb  main.o [1]
exit                    0x0800349b    0x4  Code  Gb  exit.o [3]
fputc                   0x08002bc9   0x42  Code  Gb  hw_config.o [1]
frexp                   0x08001475         Code  Gb  frexp.o [4]
frexpl                  0x08001475         Code  Gb  frexp.o [4]
ldexp                   0x08001545         Code  Gb  ldexp.o [4]
ldexpl                  0x08001545         Code  Gb  ldexp.o [4]
localeconv              0x08001a51    0x4  Code  Gb  xlocale_c.o [3]
main                    0x0800301d   0xd4  Code  Gb  main.o [1]
memchr                  0x08000fa1         Code  Gb  memchr.o [5]
obuf                    0x20000094   0x50  Data  Lc  xfiles.o [3]
printf                  0x08002321   0x28  Code  Gb  printf.o [3]
putchar                 0x08003549    0xc  Code  Gb  putchar.o [3]
rcc_clocks              0x200000e4   0x14  Data  Gb  main.o [1]
scalbln                 0x08001545         Code  Gb  ldexp.o [4]
scalblnl                0x08001545         Code  Gb  ldexp.o [4]
scalbn                  0x08001545         Code  Gb  ldexp.o [4]
scalbnl                 0x08001545         Code  Gb  ldexp.o [4]
scale                   0x0800079b   0x46  Code  Lc  xprintffull_nomb.o [3]
sec_hand                0x200000fc    0x4  Data  Lc  xfail_s.o [3]
strchr                  0x08000f11         Code  Gb  strchr.o [5]
strlen                  0x08000f69         Code  Gb  strlen.o [5]
test                    0x08002fbf   0x5e  Code  Gb  main.o [1]


[1] = C:\Users\jds11\Documents\ARM_IAR_Project\[m3] ESC_Calibration & test\project\Debug\Obj
[2] = command line
[3] = dl7M_tlf.a
[4] = m7M_tl.a
[5] = rt7M_tl.a
[6] = shb_l.a

  13 012 bytes of readonly  code memory
     843 bytes of readonly  data memory
   1 280 bytes of readwrite data memory

Errors: none
Warnings: none
